src/app/admin/(dashboard)/media/page.tsx(22,23): error TS2307: Cannot find module 'sonner' or its corresponding type declarations.
